<html>
<body>
<pre>
<h1>礦ision Build Log</h1>
<h2>Tool Versions:</h2>
IDE-Version: μVision V5.14.0.0
Copyright (C) 2015 ARM Ltd and ARM Germany GmbH. All rights reserved.
License Information: a Microsoft, Microsoft, LIC=0VRHL-0EFW3-AVC1J-U4SJ4-R97MV-DPG1F
 
Tool Versions:
Toolchain:       MDK-ARM Professional  Version: 5.14.0.0
Toolchain Path:  C:\Keil_v5\ARM\ARMCC\Bin
C Compiler:      Armcc.exe V5.05 update 1 (build 106)
Assembler:       Armasm.exe V5.05 update 1 (build 106)
Linker/Locator:  ArmLink.exe V5.05 update 1 (build 106)
Library Manager: ArmAr.exe V5.05 update 1 (build 106)
Hex Converter:   FromElf.exe V5.05 update 1 (build 106)
CPU DLL:         SARMCM3.DLL V5.14.0.0
Dialog DLL:      DCM.DLL V1.13.1.0
Target DLL:      STLink\ST-LINKIII-KEIL_SWO.dll V2.0.14.0_KEIL
Dialog DLL:      TCM.DLL V1.14.4.0
 
<h2>Project:</h2>
E:\all code\AE_G_Project\STM32F407VG_board\doc\Firmware - backup0612（for merge Hw value）\Firmware - backup0612\Project\TestSystemV2.uvprojx
Project File Date:  04/30/2019

<h2>Output:</h2>
Build target 'TestSystemV2'
compiling delay.c...
compiling main.c...
compiling stm32fxxx_it.c...
compiling system_stm32f4xx.c...
compiling bsp.c...
compiling w25qxx.c...
compiling process.c...
..\USER\process.c(344): warning:  #550-D: variable "invaildata" was set but never used
        uint8_t invaildata;
..\USER\process.c(6033): warning:  #111-D: statement is unreachable
                                IIC_WriteByte(Open_I2Cx,RT9367_addr,0x24,BUF,1);//Power off buffer
..\USER\process.c(7015): warning:  #186-D: pointless comparison of unsigned integer with zero
                                if(led0pwmval>=0&&led0pwmval<=399)
..\USER\process.c(7056): warning:  #186-D: pointless comparison of unsigned integer with zero
                                if(led0pwmval>=0&&led0pwmval<=399)
..\USER\process.c(1299): warning:  #177-D: variable "DT" was declared but never referenced
        uint8_t DT[8];
..\USER\process.c: 5 warnings, 0 errors
compiling tsl2561.c...
..\USER\tsl2561.c(76): warning:  #550-D: variable "I2C_Err" was set but never used
         uint8_t I2C_Err=0;
..\USER\tsl2561.c: 1 warning, 0 errors
assembling startup_stm32f40_41xxx.s...
compiling misc.c...
compiling stm32f4xx_adc.c...
compiling stm32f4xx_can.c...
compiling stm32f4xx_cec.c...
compiling stm32f4xx_crc.c...
compiling stm32f4xx_cryp.c...
compiling stm32f4xx_dac.c...
compiling stm32f4xx_dbgmcu.c...
compiling stm32f4xx_dma.c...
compiling stm32f4xx_exti.c...
compiling stm32f4xx_flash.c...
compiling stm32f4xx_gpio.c...
compiling stm32f4xx_hash.c...
compiling stm32f4xx_i2c.c...
compiling stm32f4xx_iwdg.c...
compiling stm32f4xx_pwr.c...
compiling stm32f4xx_rcc.c...
compiling stm32f4xx_rng.c...
compiling stm32f4xx_rtc.c...
compiling stm32f4xx_sdio.c...
compiling stm32f4xx_spi.c...
compiling stm32f4xx_syscfg.c...
compiling stm32f4xx_tim.c...
compiling stm32f4xx_usart.c...
compiling stm32f4xx_wwdg.c...
compiling usbd_cdc_core.c...
compiling usbd_core.c...
compiling usbd_desc.c...
compiling usbd_ioreq.c...
compiling usbd_req.c...
compiling usbd_usr.c...
compiling usb_bsp.c...
compiling usb_core.c...
compiling usb_dcd_int.c...
compiling usb_dcd.c...
linking...
Program Size: Code=88264 RO-data=1012 RW-data=840 ZI-data=39672  
FromELF: creating hex file...
After Build - User command #1: fromelf.exe --bin -o ../TestSystemV2.bin ./Objects/TestSystemV2.axf
After Build - User command #2: CopyHex.bat
E:\all code\AE_G_Project\STM32F407VG_board\doc\Firmware - backup0612（for merge Hw value）\Firmware - backup0612\Project>copy Objects\TestSystemV2.hex ..\TestSystemV2.hex 
已复制         1 个文件。
".\Objects\TestSystemV2.axf" - 0 Error(s), 6 Warning(s).

<h2>Collection of Component include folders:</h2>
  E:\all code\AE_G_Project\STM32F407VG_board\doc\Firmware - backup0612（for merge Hw value）\Firmware - backup0612\Project\RTE
  C:\Keil_v5\ARM\PACK\Keil\STM32F4xx_DFP\2.11.0

<h2>Collection of Component Files used:</h2>
</pre>
</body>
</html>
